// Jest Snapshot v1, https://goo.gl/fbAQLP

exports[`actions should return correct action 1`] = `
Object {
  "payload": Object {
    "user": "activeUser",
  },
  "type": "USER_LOAD_SUCCESS",
}
`;
